// Jest Snapshot v1, https://goo.gl/fbAQLP

exports[`Testing App Component should render without crashing 1`] = `
<div
  className="container"
>
  <h1>
    Testing One Two
  </h1>
</div>
`;
